| PluginImpl.java:5:27:5:37 | name | command-injection, path-injection, request-forgery, sql-injection\nrelated locations: $@.\nmetadata: $@, $@, $@, $@, $@, $@, $@, $@, $@, $@. | PluginImpl.java:5:27:5:37 | name | CallContext | file://hudson:1:1:1:1 | hudson | package | file://Plugin:1:1:1:1 | Plugin | type | file://true:1:1:1:1 | true | subtypes | file://configure:1:1:1:1 | configure | name | file://(String,String):1:1:1:1 | (String,String) | signature | file://:1:1:1:1 |  | input | file://Parameter[0]:1:1:1:1 | Parameter[0] | output | file://false:1:1:1:1 | false | isVarargsArray | file://:1:1:1:1 |  | alreadyAiModeled | file://sourceModel:1:1:1:1 | sourceModel | extensibleType |
| PluginImpl.java:5:40:5:51 | value | command-injection, path-injection, request-forgery, sql-injection\nrelated locations: $@.\nmetadata: $@, $@, $@, $@, $@, $@, $@, $@, $@, $@. | PluginImpl.java:5:40:5:51 | value | CallContext | file://hudson:1:1:1:1 | hudson | package | file://Plugin:1:1:1:1 | Plugin | type | file://true:1:1:1:1 | true | subtypes | file://configure:1:1:1:1 | configure | name | file://(String,String):1:1:1:1 | (String,String) | signature | file://:1:1:1:1 |  | input | file://Parameter[1]:1:1:1:1 | Parameter[1] | output | file://false:1:1:1:1 | false | isVarargsArray | file://:1:1:1:1 |  | alreadyAiModeled | file://sourceModel:1:1:1:1 | sourceModel | extensibleType |
| Test.java:18:3:18:11 | reference | command-injection, path-injection, request-forgery, sql-injection\nrelated locations: $@.\nmetadata: $@, $@, $@, $@, $@, $@, $@, $@, $@, $@. | Test.java:18:3:18:24 | set(...) | CallContext | file://java.util.concurrent.atomic:1:1:1:1 | java.util.concurrent.atomic | package | file://AtomicReference:1:1:1:1 | AtomicReference | type | file://false:1:1:1:1 | false | subtypes | file://set:1:1:1:1 | set | name | file://(String):1:1:1:1 | (String) | signature | file://Argument[this]:1:1:1:1 | Argument[this] | input | file://:1:1:1:1 |  | output | file://false:1:1:1:1 | false | isVarargsArray | file://:1:1:1:1 |  | alreadyAiModeled | file://sinkModel:1:1:1:1 | sinkModel | extensibleType |
| Test.java:23:3:23:10 | supplier | command-injection, path-injection, request-forgery, sql-injection\nrelated locations: $@.\nmetadata: $@, $@, $@, $@, $@, $@, $@, $@, $@, $@. | Test.java:23:3:23:16 | get(...) | CallContext | file://java.util.function:1:1:1:1 | java.util.function | package | file://Supplier:1:1:1:1 | Supplier | type | file://true:1:1:1:1 | true | subtypes | file://get:1:1:1:1 | get | name | file://():1:1:1:1 | () | signature | file://Argument[this]:1:1:1:1 | Argument[this] | input | file://:1:1:1:1 |  | output | file://false:1:1:1:1 | false | isVarargsArray | file://:1:1:1:1 |  | alreadyAiModeled | file://sinkModel:1:1:1:1 | sinkModel | extensibleType |
| Test.java:23:3:23:16 | get(...) | command-injection, path-injection, request-forgery, sql-injection\nrelated locations: $@.\nmetadata: $@, $@, $@, $@, $@, $@, $@, $@, $@, $@. | Test.java:23:3:23:16 | get(...) | CallContext | file://java.util.function:1:1:1:1 | java.util.function | package | file://Supplier:1:1:1:1 | Supplier | type | file://true:1:1:1:1 | true | subtypes | file://get:1:1:1:1 | get | name | file://():1:1:1:1 | () | signature | file://:1:1:1:1 |  | input | file://ReturnValue:1:1:1:1 | ReturnValue | output | file://false:1:1:1:1 | false | isVarargsArray | file://:1:1:1:1 |  | alreadyAiModeled | file://sourceModel:1:1:1:1 | sourceModel | extensibleType |
| Test.java:27:3:31:3 | copy(...) | command-injection, path-injection, request-forgery, sql-injection\nrelated locations: $@.\nmetadata: $@, $@, $@, $@, $@, $@, $@, $@, $@, $@. | Test.java:27:3:31:3 | copy(...) | CallContext | file://java.nio.file:1:1:1:1 | java.nio.file | package | file://Files:1:1:1:1 | Files | type | file://false:1:1:1:1 | false | subtypes | file://copy:1:1:1:1 | copy | name | file://(Path,Path,CopyOption[]):1:1:1:1 | (Path,Path,CopyOption[]) | signature | file://:1:1:1:1 |  | input | file://ReturnValue:1:1:1:1 | ReturnValue | output | file://false:1:1:1:1 | false | isVarargsArray | file://:1:1:1:1 |  | alreadyAiModeled | file://sourceModel:1:1:1:1 | sourceModel | extensibleType |
| Test.java:35:10:37:3 | newInputStream(...) | command-injection, path-injection, request-forgery, sql-injection\nrelated locations: $@.\nmetadata: $@, $@, $@, $@, $@, $@, $@, $@, $@, $@. | Test.java:35:10:37:3 | newInputStream(...) | CallContext | file://java.nio.file:1:1:1:1 | java.nio.file | package | file://Files:1:1:1:1 | Files | type | file://false:1:1:1:1 | false | subtypes | file://newInputStream:1:1:1:1 | newInputStream | name | file://(Path,OpenOption[]):1:1:1:1 | (Path,OpenOption[]) | signature | file://:1:1:1:1 |  | input | file://ReturnValue:1:1:1:1 | ReturnValue | output | file://false:1:1:1:1 | false | isVarargsArray | file://:1:1:1:1 |  | alreadyAiModeled | file://sourceModel:1:1:1:1 | sourceModel | extensibleType |
| Test.java:36:4:36:11 | openPath | command-injection, request-forgery, sql-injection\nrelated locations: $@.\nmetadata: $@, $@, $@, $@, $@, $@, $@, $@, $@, $@. | Test.java:35:10:37:3 | newInputStream(...) | CallContext | file://java.nio.file:1:1:1:1 | java.nio.file | package | file://Files:1:1:1:1 | Files | type | file://false:1:1:1:1 | false | subtypes | file://newInputStream:1:1:1:1 | newInputStream | name | file://(Path,OpenOption[]):1:1:1:1 | (Path,OpenOption[]) | signature | file://Argument[0]:1:1:1:1 | Argument[0] | input | file://:1:1:1:1 |  | output | file://false:1:1:1:1 | false | isVarargsArray | file://ai-manual:1:1:1:1 | ai-manual | alreadyAiModeled | file://sinkModel:1:1:1:1 | sinkModel | extensibleType |
| Test.java:42:4:42:22 | get(...) | command-injection, path-injection, request-forgery, sql-injection\nrelated locations: $@.\nmetadata: $@, $@, $@, $@, $@, $@, $@, $@, $@, $@. | Test.java:42:4:42:22 | get(...) | CallContext | file://java.nio.file:1:1:1:1 | java.nio.file | package | file://Paths:1:1:1:1 | Paths | type | file://false:1:1:1:1 | false | subtypes | file://get:1:1:1:1 | get | name | file://(String,String[]):1:1:1:1 | (String,String[]) | signature | file://:1:1:1:1 |  | input | file://ReturnValue:1:1:1:1 | ReturnValue | output | file://false:1:1:1:1 | false | isVarargsArray | file://:1:1:1:1 |  | alreadyAiModeled | file://sourceModel:1:1:1:1 | sourceModel | extensibleType |
| Test.java:53:3:58:3 | walk(...) | command-injection, path-injection, request-forgery, sql-injection\nrelated locations: $@.\nmetadata: $@, $@, $@, $@, $@, $@, $@, $@, $@, $@. | Test.java:53:3:58:3 | walk(...) | CallContext | file://java.nio.file:1:1:1:1 | java.nio.file | package | file://Files:1:1:1:1 | Files | type | file://false:1:1:1:1 | false | subtypes | file://walk:1:1:1:1 | walk | name | file://(Path,FileVisitOption[]):1:1:1:1 | (Path,FileVisitOption[]) | signature | file://:1:1:1:1 |  | input | file://ReturnValue:1:1:1:1 | ReturnValue | output | file://false:1:1:1:1 | false | isVarargsArray | file://:1:1:1:1 |  | alreadyAiModeled | file://sourceModel:1:1:1:1 | sourceModel | extensibleType |
| Test.java:55:4:55:4 | o | command-injection, path-injection, request-forgery, sql-injection\nrelated locations: $@.\nmetadata: $@, $@, $@, $@, $@, $@, $@, $@, $@, $@. | Test.java:53:3:58:3 | walk(...) | CallContext | file://java.nio.file:1:1:1:1 | java.nio.file | package | file://Files:1:1:1:1 | Files | type | file://false:1:1:1:1 | false | subtypes | file://walk:1:1:1:1 | walk | name | file://(Path,FileVisitOption[]):1:1:1:1 | (Path,FileVisitOption[]) | signature | file://Argument[1]:1:1:1:1 | Argument[1] | input | file://:1:1:1:1 |  | output | file://true:1:1:1:1 | true | isVarargsArray | file://:1:1:1:1 |  | alreadyAiModeled | file://sinkModel:1:1:1:1 | sinkModel | extensibleType |
| Test.java:62:3:62:3 | c | command-injection, path-injection, request-forgery, sql-injection\nrelated locations: $@.\nmetadata: $@, $@, $@, $@, $@, $@, $@, $@, $@, $@. | Test.java:62:3:62:20 | getInputStream(...) | CallContext | file://java.net:1:1:1:1 | java.net | package | file://URLConnection:1:1:1:1 | URLConnection | type | file://true:1:1:1:1 | true | subtypes | file://getInputStream:1:1:1:1 | getInputStream | name | file://():1:1:1:1 | () | signature | file://Argument[this]:1:1:1:1 | Argument[this] | input | file://:1:1:1:1 |  | output | file://false:1:1:1:1 | false | isVarargsArray | file://:1:1:1:1 |  | alreadyAiModeled | file://sinkModel:1:1:1:1 | sinkModel | extensibleType |
| Test.java:67:30:67:47 | writer | command-injection, path-injection, request-forgery, sql-injection\nrelated locations: $@.\nmetadata: $@, $@, $@, $@, $@, $@, $@, $@, $@, $@. | Test.java:67:30:67:47 | writer | CallContext | file://java.lang:1:1:1:1 | java.lang | package | file://Throwable:1:1:1:1 | Throwable | type | file://true:1:1:1:1 | true | subtypes | file://printStackTrace:1:1:1:1 | printStackTrace | name | file://(PrintWriter):1:1:1:1 | (PrintWriter) | signature | file://:1:1:1:1 |  | input | file://Parameter[0]:1:1:1:1 | Parameter[0] | output | file://false:1:1:1:1 | false | isVarargsArray | file://:1:1:1:1 |  | alreadyAiModeled | file://sourceModel:1:1:1:1 | sourceModel | extensibleType |
