| Test.java:28:4:28:9 | source | path-injection\nrelated locations: $@.\nmetadata: $@, $@, $@, $@, $@, $@, $@, $@. | Test.java:27:3:31:3 | copy(...) | CallContext | file://java.nio.file:1:1:1:1 | java.nio.file | package | file://Files:1:1:1:1 | Files | type | file://false:1:1:1:1 | false | subtypes | file://copy:1:1:1:1 | copy | name | file://(Path,Path,CopyOption[]):1:1:1:1 | (Path,Path,CopyOption[]) | signature | file://Argument[0]:1:1:1:1 | Argument[0] | input | file://:1:1:1:1 |  | output | file://false:1:1:1:1 | false | isVarargsArray |
| Test.java:29:4:29:9 | target | path-injection\nrelated locations: $@.\nmetadata: $@, $@, $@, $@, $@, $@, $@, $@. | Test.java:27:3:31:3 | copy(...) | CallContext | file://java.nio.file:1:1:1:1 | java.nio.file | package | file://Files:1:1:1:1 | Files | type | file://false:1:1:1:1 | false | subtypes | file://copy:1:1:1:1 | copy | name | file://(Path,Path,CopyOption[]):1:1:1:1 | (Path,Path,CopyOption[]) | signature | file://Argument[1]:1:1:1:1 | Argument[1] | input | file://:1:1:1:1 |  | output | file://false:1:1:1:1 | false | isVarargsArray |
| Test.java:36:4:36:11 | openPath | path-injection\nrelated locations: $@.\nmetadata: $@, $@, $@, $@, $@, $@, $@, $@. | Test.java:35:10:37:3 | newInputStream(...) | CallContext | file://java.nio.file:1:1:1:1 | java.nio.file | package | file://Files:1:1:1:1 | Files | type | file://false:1:1:1:1 | false | subtypes | file://newInputStream:1:1:1:1 | newInputStream | name | file://(Path,OpenOption[]):1:1:1:1 | (Path,OpenOption[]) | signature | file://Argument[0]:1:1:1:1 | Argument[0] | input | file://:1:1:1:1 |  | output | file://false:1:1:1:1 | false | isVarargsArray |
| Test.java:62:3:62:20 | getInputStream(...) | remote\nrelated locations: $@.\nmetadata: $@, $@, $@, $@, $@, $@, $@, $@. | Test.java:62:3:62:20 | getInputStream(...) | CallContext | file://java.net:1:1:1:1 | java.net | package | file://URLConnection:1:1:1:1 | URLConnection | type | file://true:1:1:1:1 | true | subtypes | file://getInputStream:1:1:1:1 | getInputStream | name | file://():1:1:1:1 | () | signature | file://:1:1:1:1 |  | input | file://ReturnValue:1:1:1:1 | ReturnValue | output | file://false:1:1:1:1 | false | isVarargsArray |
