| Test.java:47:10:49:3 | compareTo(...) | known sanitizer\nrelated locations: $@.\nmetadata: $@, $@, $@, $@, $@, $@, $@, $@. | Test.java:47:10:49:3 | compareTo(...) | CallContext | file://java.io:1:1:1:1 | java.io | package | file://File:1:1:1:1 | File | type | file://true:1:1:1:1 | true | subtypes | file://compareTo:1:1:1:1 | compareTo | name | file://(File):1:1:1:1 | (File) | signature | file://:1:1:1:1 |  | input | file://ReturnValue:1:1:1:1 | ReturnValue | output | file://false:1:1:1:1 | false | isVarargsArray |
| Test.java:48:4:48:5 | f2 | known non-sink\nrelated locations: $@.\nmetadata: $@, $@, $@, $@, $@, $@, $@, $@. | Test.java:47:10:49:3 | compareTo(...) | CallContext | file://java.io:1:1:1:1 | java.io | package | file://File:1:1:1:1 | File | type | file://true:1:1:1:1 | true | subtypes | file://compareTo:1:1:1:1 | compareTo | name | file://(File):1:1:1:1 | (File) | signature | file://Argument[0]:1:1:1:1 | Argument[0] | input | file://:1:1:1:1 |  | output | file://false:1:1:1:1 | false | isVarargsArray |
| Test.java:54:4:54:4 | p | taint step\nrelated locations: $@.\nmetadata: $@, $@, $@, $@, $@, $@, $@, $@. | Test.java:53:3:58:3 | walk(...) | CallContext | file://java.nio.file:1:1:1:1 | java.nio.file | package | file://Files:1:1:1:1 | Files | type | file://false:1:1:1:1 | false | subtypes | file://walk:1:1:1:1 | walk | name | file://(Path,FileVisitOption[]):1:1:1:1 | (Path,FileVisitOption[]) | signature | file://Argument[0]:1:1:1:1 | Argument[0] | input | file://:1:1:1:1 |  | output | file://false:1:1:1:1 | false | isVarargsArray |
| Test.java:66:7:66:18 | this <constr(this)> | exception\nrelated locations: $@.\nmetadata: $@, $@, $@, $@, $@, $@, $@, $@. | Test.java:66:7:66:18 | super(...) | CallContext | file://java.lang:1:1:1:1 | java.lang | package | file://Exception:1:1:1:1 | Exception | type | file://true:1:1:1:1 | true | subtypes | file://Exception:1:1:1:1 | Exception | name | file://():1:1:1:1 | () | signature | file://Argument[this]:1:1:1:1 | Argument[this] | input | file://:1:1:1:1 |  | output | file://false:1:1:1:1 | false | isVarargsArray |
